test.txt:1:this is a test file
test.txt:2:is a test file
test.txt:3:this a test file
